components/admin/AdminPage.tsx(54,11): error TS2322: Type 'number' is not assignable to type 'never'.
